[backblue.gif]
[fade.gif]
[index.html]
[www-camil.music.uiuc.edu_16080/classes/404B/index.html]
[www-camil.music.uiuc.edu_16080/classes/404B/css/cm.css]
[www-camil.music.uiuc.edu_16080/classes/404B/lisp/DOTemacs.txt]
[www-camil.music.uiuc.edu_16080/classes/404B/lisp/ms.lisp]
[www-camil.music.uiuc.edu_16080/classes/404B/lisp/ms-answers.lisp]
[www-camil.music.uiuc.edu_16080/classes/404B/lisp/msutils.lisp]
[www-camil.music.uiuc.edu_16080/classes/404B/lisp/cminit.lisp]
[www-camil.music.uiuc.edu_16080/classes/404B/lisp/ms2.lisp]
[www-camil.music.uiuc.edu_16080/classes/404B/lisp/ms2-answers.lisp]
[www-camil.music.uiuc.edu_16080/classes/404B/fomus/fomus.html]
[www-camil.music.uiuc.edu_16080/classes/404B/lisp/dk1.lisp]
[www-camil.music.uiuc.edu_16080/classes/404B/lisp/dk1-answers.lisp]
[www-camil.music.uiuc.edu_16080/classes/404B/lisp/recording.lisp]
[www-camil.music.uiuc.edu_16080/classes/404B/lisp/cache.lisp]
[www-camil.music.uiuc.edu_16080/classes/404B/lisp/boxes.lisp]
[www-camil.music.uiuc.edu_16080/classes/404B/lisp/harms.lisp]
[www-camil.music.uiuc.edu_16080/classes/404B/lisp/class-harms.lisp]
[www-camil.music.uiuc.edu_16080/classes/404B/lisp/spectral-class.lisp]
[www-camil.music.uiuc.edu_16080/classes/404B/lisp/gui.lisp]
[www-camil.music.uiuc.edu_16080/classes/404B/clm/simp.html]
[www-camil.music.uiuc.edu_16080/classes/404B/CLM/clm-3/fullmix.ins]
[www-camil.music.uiuc.edu_16080/classes/404B/lisp/expandn.ins]
[www-camil.music.uiuc.edu_16080/classes/404B/lisp/vkey.lisp]
[www-camil.music.uiuc.edu_16080/classes/404B/lisp/vkey-examples.lisp]
[www-camil.music.uiuc.edu_16080/classes/404B/sfp/fullmix/fullmix-examples.lisp]
[www-camil.music.uiuc.edu_16080/classes/404B/CLM/grani/grani.html]
[www-camil.music.uiuc.edu_16080/classes/404B/CLM/Filtering/filtering.html]
[www-camil.music.uiuc.edu_16080/classes/404B/fomus/getfomus.html]
[www-camil.music.uiuc.edu_16080/classes/404B/fomus/primes.html]
[www-camil.music.uiuc.edu_16080/classes/404B/fomus/examples.lisp]
[www-camil.music.uiuc.edu_16080/classes/404B/fomus/loops.lisp]
[www-camil.music.uiuc.edu_16080/classes/404B/clm/clm-3/ins.txt]
[www-camil.music.uiuc.edu_16080/classes/404B/clm/simp.ins]
[www-camil.music.uiuc.edu_16080/classes/404B/CLM/grani/timegrains.gif]
[www-camil.music.uiuc.edu_16080/classes/404B/CLM/grani/sounds/cencerros-1.snd]
[www-camil.music.uiuc.edu_16080/classes/404B/CLM/grani/sounds/small-gong.snd]
[www-camil.music.uiuc.edu_16080/classes/404B/CLM/grani/sounds/turkish-cymbal-1.snd]
[www-camil.music.uiuc.edu_16080/classes/404B/CLM/grani/sounds/tubular-bell.snd]
[www-camil.music.uiuc.edu_16080/classes/404B/CLM/Filtering/filt1.jpg]
[www-camil.music.uiuc.edu_16080/classes/404B/CLM/Filtering/filt.ins]
[www-camil.music.uiuc.edu_16080/classes/404B/CLM/Filtering/filtenv.ins]
[www-camil.music.uiuc.edu_16080/classes/404B/CLM/Filtering/fltnoi.ins]
[www-camil.music.uiuc.edu_16080/classes/404B/CLM/Filtering/addflt.ins]
[www-camil.music.uiuc.edu_16080/classes/404B/CLM/Filtering/fltsnd.ins]
[www-camil.music.uiuc.edu_16080/classes/404B/CLM/Filtering/delay.jpg]
[www-camil.music.uiuc.edu_16080/classes/404B/CLM/Filtering/delaysnd.ins]
[www-camil.music.uiuc.edu_16080/classes/404B/CLM/Filtering/flanger-f2.gif]
[www-camil.music.uiuc.edu_16080/classes/404B/CLM/Filtering/impulseResponse.gif]
[www-camil.music.uiuc.edu_16080/classes/404B/CLM/Filtering/cnv.ins]
[www-camil.music.uiuc.edu_16080/classes/404B/fomus/primes.pdf]
[www-camil.music.uiuc.edu_16080/classes/404B/fomus/primes.mid]
[www-camil.music.uiuc.edu_16080/classes/404B/clm/clm-3/clm.html]
[www-camil.music.uiuc.edu_16080/classes/404B/clm/clm-3/index.html]
[www-camil.music.uiuc.edu_16080/classes/404B/CLM/vkey/expandn.ins]
[www-camil.music.uiuc.edu_16080/classes/404B/src/clm-2/grani.ins]
[www-camil.music.uiuc.edu_16080/classes/404B/clm/clm-3/v.ins]
[www-camil.music.uiuc.edu_16080/classes/404B/clm/clm-3/clm-example.lisp]
[www-camil.music.uiuc.edu_16080/classes/404B/clm/clm-3/spectr.clm]
[www-camil.music.uiuc.edu_16080/classes/404B/clm/clm-3/bird.clm]
[www-camil.music.uiuc.edu_16080/classes/404B/clm/clm-3/pqw.ins]
[www-camil.music.uiuc.edu_16080/classes/404B/clm/clm-3/green.cl]
[www-camil.music.uiuc.edu_16080/classes/404B/clm/clm-3/zipper.ins]
[www-camil.music.uiuc.edu_16080/classes/404B/clm/clm-3/mus.lisp]
[www-camil.music.uiuc.edu_16080/classes/404B/clm/clm-3/san.ins]
[www-camil.music.uiuc.edu_16080/classes/404B/clm/clm-3/anoi.ins]
[www-camil.music.uiuc.edu_16080/classes/404B/clm/clm-3/add.ins]
[www-camil.music.uiuc.edu_16080/classes/404B/clm/clm-3/addflt.ins]
[www-camil.music.uiuc.edu_16080/classes/404B/clm/clm-3/addsnd.ins]
[www-camil.music.uiuc.edu_16080/classes/404B/clm/clm-3/autoc.ins]
[www-camil.music.uiuc.edu_16080/classes/404B/clm/clm-3/badd.ins]
[www-camil.music.uiuc.edu_16080/classes/404B/clm/clm-3/bell.ins]
[www-camil.music.uiuc.edu_16080/classes/404B/clm/clm-3/bigbird.ins]
[www-camil.music.uiuc.edu_16080/classes/404B/clm/clm-3/canter.ins]
[www-camil.music.uiuc.edu_16080/classes/404B/clm/clm-3/bag.clm]
[www-camil.music.uiuc.edu_16080/classes/404B/clm/clm-3/cellon.ins]
[www-camil.music.uiuc.edu_16080/classes/404B/clm/clm-3/cnv.ins]
[www-camil.music.uiuc.edu_16080/classes/404B/clm/clm-3/drone.ins]
[www-camil.music.uiuc.edu_16080/classes/404B/clm/clm-3/expsrc.ins]
[www-camil.music.uiuc.edu_16080/classes/404B/clm/clm-3/fade.ins]
[www-camil.music.uiuc.edu_16080/classes/404B/clm/clm-3/fltsnd.ins]
[www-camil.music.uiuc.edu_16080/classes/404B/clm/clm-3/flute.ins]
[www-camil.music.uiuc.edu_16080/classes/404B/clm/clm-3/fmex.ins]
[www-camil.music.uiuc.edu_16080/classes/404B/clm/clm-3/grani.ins]
[www-camil.music.uiuc.edu_16080/classes/404B/clm/clm-3/grapheq.ins]
[www-camil.music.uiuc.edu_16080/classes/404B/clm/clm-3/insect.ins]
[www-camil.music.uiuc.edu_16080/classes/404B/clm/clm-3/jcrev.ins]
[www-camil.music.uiuc.edu_16080/classes/404B/clm/clm-3/jcvoi.ins]
[www-camil.music.uiuc.edu_16080/classes/404B/clm/clm-3/kiprev.ins]
[www-camil.music.uiuc.edu_16080/classes/404B/clm/clm-3/lbjPiano.ins]
[www-camil.music.uiuc.edu_16080/classes/404B/clm/clm-3/maraca.ins]
[www-camil.music.uiuc.edu_16080/classes/404B/clm/clm-3/maxf.ins]
[www-camil.music.uiuc.edu_16080/classes/404B/clm/clm-3/mlbvoi.ins]
[www-camil.music.uiuc.edu_16080/classes/404B/clm/clm-3/moog.lisp]
[www-camil.music.uiuc.edu_16080/classes/404B/clm/clm-3/noise.ins]
[www-camil.music.uiuc.edu_16080/classes/404B/clm/clm-3/nrev.ins]
[www-camil.music.uiuc.edu_16080/classes/404B/clm/clm-3/one-cut.ins]
[www-camil.music.uiuc.edu_16080/classes/404B/clm/clm-3/piano.ins]
[www-camil.music.uiuc.edu_16080/classes/404B/clm/clm-3/pluck.ins]
[www-camil.music.uiuc.edu_16080/classes/404B/clm/clm-3/pqwvox.ins]
[www-camil.music.uiuc.edu_16080/classes/404B/clm/clm-3/prc-toolkit95.lisp]
[www-camil.music.uiuc.edu_16080/classes/404B/clm/clm-3/prc96.ins]
[www-camil.music.uiuc.edu_16080/classes/404B/clm/clm-3/pvoc.ins]
[www-camil.music.uiuc.edu_16080/classes/404B/clm/clm-3/resflt.ins]
[www-camil.music.uiuc.edu_16080/classes/404B/clm/clm-3/reson.ins]
[www-camil.music.uiuc.edu_16080/classes/404B/clm/clm-3/ring-modulate.ins]
[www-camil.music.uiuc.edu_16080/classes/404B/clm/clm-3/rmsenv.ins]
[www-camil.music.uiuc.edu_16080/classes/404B/clm/clm-3/rmsp.ins]
[www-camil.music.uiuc.edu_16080/classes/404B/clm/clm-3/scanned.ins]
[www-camil.music.uiuc.edu_16080/classes/404B/clm/clm-3/singer.ins]
[www-camil.music.uiuc.edu_16080/classes/404B/clm/clm-3/scentroid.ins]
[www-camil.music.uiuc.edu_16080/classes/404B/clm/clm-3/sndwarp.ins]
[www-camil.music.uiuc.edu_16080/classes/404B/clm/clm-3/stochastic.ins]
[www-camil.music.uiuc.edu_16080/classes/404B/clm/clm-3/strad.ins]
[www-camil.music.uiuc.edu_16080/classes/404B/clm/clm-3/trp.ins]
[www-camil.music.uiuc.edu_16080/classes/404B/clm/clm-3/ugex.ins]
[www-camil.music.uiuc.edu_16080/classes/404B/clm/clm-3/ug.ins]
[www-camil.music.uiuc.edu_16080/classes/404B/clm/clm-3/vowel.ins]
[www-camil.music.uiuc.edu_16080/classes/404B/clm/clm-3/vox.ins]
[www-camil.music.uiuc.edu_16080/classes/404B/clm/clm-3/zd.ins]
[www-camil.music.uiuc.edu_16080/classes/404B/clm/clm-3/clm-test.lisp]
[www-camil.music.uiuc.edu_16080/classes/404B/clm/clm-3/initmus.lisp]
[www-camil.music.uiuc.edu_16080/classes/404B/clm/clm-3/files.txt]
[www-camil.music.uiuc.edu_16080/classes/404B/clm/clm-3/pitches.cl]
[www-camil.music.uiuc.edu_16080/classes/404B/clm/clm-3/defaults.lisp]
[www-camil.music.uiuc.edu_16080/classes/404B/clm/clm-3/headers.c]
[www-camil.music.uiuc.edu_16080/classes/404B/clm/clm-3/env.lisp]
[www-camil.music.uiuc.edu_16080/classes/404B/clm/clm-3/all.lisp]
[www-camil.music.uiuc.edu_16080/classes/404B/CLM/Filtering/clm.html]
[www-camil.music.uiuc.edu_16080/classes/404B/clm/clm-3/snd.html]
[www-camil.music.uiuc.edu_16080/classes/404B/clm/clm-3/extsnd.html]
[www-camil.music.uiuc.edu_16080/classes/404B/clm/clm-3/grfsnd.html]
[www-camil.music.uiuc.edu_16080/classes/404B/clm/clm-3/fm.html]
[www-camil.music.uiuc.edu_16080/classes/404B/clm/clm-3/sndlib.html]
[www-camil.music.uiuc.edu_16080/classes/404B/clm/clm-3/sndscm.html]
[www-camil.music.uiuc.edu_16080/classes/404B/clm/clm-3/libxm.html]
[www-camil.music.uiuc.edu_16080/classes/404B/clm/clm-3/index-2.html]
[www-camil.music.uiuc.edu_16080/classes/404B/clm/clm-3/balance.html]
[www-camil.music.uiuc.edu_16080/classes/404B/clm/clm-3/dlocsig/index.html]
[www-camil.music.uiuc.edu_16080/classes/404B/clm/clm-3/freeverb/index.html]
[www-camil.music.uiuc.edu_16080/classes/404B/clm/clm-3/integ.png]
[www-camil.music.uiuc.edu_16080/classes/404B/clm/clm-3/inf.png]
[www-camil.music.uiuc.edu_16080/classes/404B/CLM/Filtering/snd.html]
[www-camil.music.uiuc.edu_16080/classes/404B/CLM/Filtering/extsnd.html]
[www-camil.music.uiuc.edu_16080/classes/404B/clm/clm-3/sum.png]
[www-camil.music.uiuc.edu_16080/classes/404B/CLM/Filtering/grfsnd.html]
[www-camil.music.uiuc.edu_16080/classes/404B/clm/clm-3/theta.png]
[www-camil.music.uiuc.edu_16080/classes/404B/CLM/Filtering/fm.html]
[www-camil.music.uiuc.edu_16080/classes/404B/clm/clm-3/phi.png]
[www-camil.music.uiuc.edu_16080/classes/404B/clm/clm-3/prod.png]
[www-camil.music.uiuc.edu_16080/classes/404B/CLM/Filtering/sndlib.html]
[www-camil.music.uiuc.edu_16080/classes/404B/CLM/Filtering/sndscm.html]
[www-camil.music.uiuc.edu_16080/classes/404B/clm/clm-3/dlocsig/dlocsig.lisp]
[www-camil.music.uiuc.edu_16080/classes/404B/clm/clm-3/dlocsig/images/fig1.png]
[www-camil.music.uiuc.edu_16080/classes/404B/clm/clm-3/dlocsig/images/fig2.png]
[www-camil.music.uiuc.edu_16080/classes/404B/clm/clm-3/dlocsig/images/c0.png]
[www-camil.music.uiuc.edu_16080/classes/404B/CLM/Filtering/libxm.html]
[www-camil.music.uiuc.edu_16080/classes/404B/CLM/Filtering/index.html]
[www-camil.music.uiuc.edu_16080/classes/404B/CLM/Filtering/v.ins]
[www-camil.music.uiuc.edu_16080/classes/404B/clm/clm-3/dlocsig/images/c1.png]
[www-camil.music.uiuc.edu_16080/classes/404B/clm/clm-3/dlocsig/images/e0.png]
[www-camil.music.uiuc.edu_16080/classes/404B/clm/clm-3/dlocsig/images/e1.png]
[www-camil.music.uiuc.edu_16080/classes/404B/clm/clm-3/dlocsig/images/e2.png]
[www-camil.music.uiuc.edu_16080/classes/404B/CLM/Filtering/pqw.ins]
[www-camil.music.uiuc.edu_16080/classes/404B/clm/clm-3/dlocsig/move-sound.ins]
[www-camil.music.uiuc.edu_16080/classes/404B/clm/clm-3/freeverb/freeverb.ins]
[www-camil.music.uiuc.edu_16080/classes/404B/CLM/Filtering/balance.html]
[www-camil.music.uiuc.edu_16080/classes/404B/CLM/Filtering/zipper.ins]
[www-camil.music.uiuc.edu_16080/classes/404B/CLM/Filtering/san.ins]
[www-camil.music.uiuc.edu_16080/classes/404B/CLM/Filtering/anoi.ins]
[www-camil.music.uiuc.edu_16080/classes/404B/CLM/Filtering/add.ins]
[www-camil.music.uiuc.edu_16080/classes/404B/CLM/Filtering/addsnd.ins]
[www-camil.music.uiuc.edu_16080/classes/404B/CLM/Filtering/autoc.ins]
[www-camil.music.uiuc.edu_16080/classes/404B/CLM/Filtering/badd.ins]
[www-camil.music.uiuc.edu_16080/classes/404B/CLM/Filtering/bell.ins]
[www-camil.music.uiuc.edu_16080/classes/404B/CLM/Filtering/bigbird.ins]
[www-camil.music.uiuc.edu_16080/classes/404B/CLM/Filtering/canter.ins]
[www-camil.music.uiuc.edu_16080/classes/404B/CLM/Filtering/cellon.ins]
[www-camil.music.uiuc.edu_16080/classes/404B/CLM/Filtering/dlocsig/index.html]
[www-camil.music.uiuc.edu_16080/classes/404B/CLM/Filtering/drone.ins]
[www-camil.music.uiuc.edu_16080/classes/404B/CLM/Filtering/expsrc.ins]
[www-camil.music.uiuc.edu_16080/classes/404B/CLM/Filtering/fade.ins]
[www-camil.music.uiuc.edu_16080/classes/404B/CLM/Filtering/flute.ins]
[www-camil.music.uiuc.edu_16080/classes/404B/CLM/Filtering/fmex.ins]
[www-camil.music.uiuc.edu_16080/classes/404B/CLM/Filtering/freeverb/index.html]
[www-camil.music.uiuc.edu_16080/classes/404B/CLM/Filtering/fullmix.ins]
[www-camil.music.uiuc.edu_16080/classes/404B/CLM/Filtering/grani.ins]
[www-camil.music.uiuc.edu_16080/classes/404B/CLM/Filtering/grapheq.ins]
[www-camil.music.uiuc.edu_16080/classes/404B/CLM/Filtering/insect.ins]
[www-camil.music.uiuc.edu_16080/classes/404B/CLM/Filtering/jcrev.ins]
[www-camil.music.uiuc.edu_16080/classes/404B/CLM/Filtering/jcvoi.ins]
[www-camil.music.uiuc.edu_16080/classes/404B/CLM/Filtering/kiprev.ins]
[www-camil.music.uiuc.edu_16080/classes/404B/CLM/Filtering/lbjPiano.ins]
[www-camil.music.uiuc.edu_16080/classes/404B/CLM/Filtering/maraca.ins]
[www-camil.music.uiuc.edu_16080/classes/404B/CLM/Filtering/maxf.ins]
[www-camil.music.uiuc.edu_16080/classes/404B/CLM/Filtering/mlbvoi.ins]
[www-camil.music.uiuc.edu_16080/classes/404B/CLM/Filtering/noise.ins]
[www-camil.music.uiuc.edu_16080/classes/404B/CLM/Filtering/nrev.ins]
[www-camil.music.uiuc.edu_16080/classes/404B/CLM/Filtering/one-cut.ins]
[www-camil.music.uiuc.edu_16080/classes/404B/CLM/Filtering/piano.ins]
[www-camil.music.uiuc.edu_16080/classes/404B/CLM/Filtering/pluck.ins]
[www-camil.music.uiuc.edu_16080/classes/404B/CLM/Filtering/pqwvox.ins]
[www-camil.music.uiuc.edu_16080/classes/404B/CLM/Filtering/prc96.ins]
[www-camil.music.uiuc.edu_16080/classes/404B/CLM/Filtering/pvoc.ins]
[www-camil.music.uiuc.edu_16080/classes/404B/CLM/Filtering/resflt.ins]
[www-camil.music.uiuc.edu_16080/classes/404B/CLM/Filtering/reson.ins]
[www-camil.music.uiuc.edu_16080/classes/404B/CLM/Filtering/ring-modulate.ins]
[www-camil.music.uiuc.edu_16080/classes/404B/CLM/Filtering/rmsenv.ins]
[www-camil.music.uiuc.edu_16080/classes/404B/CLM/Filtering/rmsp.ins]
[www-camil.music.uiuc.edu_16080/classes/404B/CLM/Filtering/scanned.ins]
[www-camil.music.uiuc.edu_16080/classes/404B/CLM/Filtering/scentroid.ins]
[www-camil.music.uiuc.edu_16080/classes/404B/CLM/Filtering/singer.ins]
[www-camil.music.uiuc.edu_16080/classes/404B/CLM/Filtering/sndwarp.ins]
[www-camil.music.uiuc.edu_16080/classes/404B/CLM/Filtering/stochastic.ins]
[www-camil.music.uiuc.edu_16080/classes/404B/CLM/Filtering/strad.ins]
[www-camil.music.uiuc.edu_16080/classes/404B/CLM/Filtering/trp.ins]
[www-camil.music.uiuc.edu_16080/classes/404B/CLM/Filtering/ugex.ins]
[www-camil.music.uiuc.edu_16080/classes/404B/CLM/Filtering/ug.ins]
[www-camil.music.uiuc.edu_16080/classes/404B/CLM/Filtering/vowel.ins]
[www-camil.music.uiuc.edu_16080/classes/404B/CLM/Filtering/vox.ins]
[www-camil.music.uiuc.edu_16080/classes/404B/CLM/Filtering/zd.ins]
[www-camil.music.uiuc.edu_16080/classes/404B/CLM/Filtering/headers.c]
[www-camil.music.uiuc.edu_16080/classes/404B/clm/clm-3/freeverb/readme.txt]
[www-camil.music.uiuc.edu_16080/classes/404B/clm/clm-3/dlocsig/sinetest.ins]
