[backblue.gif]
[fade.gif]
[index.html]
[www-camil.music.uiuc.edu_16080/classes/404B/lisp/DOTemacs.txt]
[www-camil.music.uiuc.edu_16080/classes/404B/lisp/ms.lisp]
[www-camil.music.uiuc.edu_16080/classes/404B/lisp/ms-answers.lisp]
[www-camil.music.uiuc.edu_16080/classes/404B/lisp/msutils.lisp]
[www-camil.music.uiuc.edu_16080/classes/404B/lisp/cminit.lisp]
[www-camil.music.uiuc.edu_16080/classes/404B/lisp/ms2.lisp]
[www-camil.music.uiuc.edu_16080/classes/404B/lisp/ms2-answers.lisp]
[www-camil.music.uiuc.edu_16080/classes/404B/lisp/dk1.lisp]
[www-camil.music.uiuc.edu_16080/classes/404B/lisp/dk1-answers.lisp]
[www-camil.music.uiuc.edu_16080/classes/404B/lisp/recording.lisp]
[www-camil.music.uiuc.edu_16080/classes/404B/lisp/cache.lisp]
[www-camil.music.uiuc.edu_16080/classes/404B/lisp/boxes.lisp]
[www-camil.music.uiuc.edu_16080/classes/404B/lisp/harms.lisp]
[www-camil.music.uiuc.edu_16080/classes/404B/lisp/class-harms.lisp]
[www-camil.music.uiuc.edu_16080/classes/404B/lisp/spectral-class.lisp]
[www-camil.music.uiuc.edu_16080/classes/404B/lisp/gui.lisp]
[www-camil.music.uiuc.edu_16080/classes/404B/CLM/clm-3/fullmix.ins]
[www-camil.music.uiuc.edu_16080/classes/404B/lisp/expandn.ins]
[www-camil.music.uiuc.edu_16080/classes/404B/index.html]
[www-camil.music.uiuc.edu_16080/classes/404B/css/cm.css]
[www-camil.music.uiuc.edu_16080/classes/404B/lisp/vkey.lisp]
[www-camil.music.uiuc.edu_16080/classes/404B/lisp/vkey-examples.lisp]
[www-camil.music.uiuc.edu_16080/classes/404B/sfp/fullmix/fullmix-examples.lisp]
[www-camil.music.uiuc.edu_16080/classes/404B/fomus/fomus.html]
[www-camil.music.uiuc.edu_16080/classes/404B/fomus/examples.lisp]
[www-camil.music.uiuc.edu_16080/classes/404B/fomus/loops.lisp]
[www-camil.music.uiuc.edu_16080/classes/404B/clm/simp.html]
[www-camil.music.uiuc.edu_16080/classes/404B/CLM/grani/grani.html]
[www-camil.music.uiuc.edu_16080/classes/404B/CLM/Filtering/filtering.html]
[www-camil.music.uiuc.edu_16080/classes/404B/fomus/getfomus.html]
[www-camil.music.uiuc.edu_16080/classes/404B/clm/clm-3/ins.txt]
[www-camil.music.uiuc.edu_16080/classes/404B/fomus/primes.html]
[www-camil.music.uiuc.edu_16080/classes/404B/clm/simp.ins]
[www-camil.music.uiuc.edu_16080/classes/404B/CLM/grani/timegrains.gif]
[www-camil.music.uiuc.edu_16080/classes/404B/CLM/grani/sounds/cencerros-1.snd]
[www-camil.music.uiuc.edu_16080/classes/404B/CLM/grani/sounds/small-gong.snd]
[www-camil.music.uiuc.edu_16080/classes/404B/CLM/grani/sounds/turkish-cymbal-1.snd]
[www-camil.music.uiuc.edu_16080/classes/404B/CLM/grani/sounds/tubular-bell.snd]
[www-camil.music.uiuc.edu_16080/classes/404B/clm/clm-3/clm.html]
[www-camil.music.uiuc.edu_16080/classes/404B/clm/clm-3/index.html]
[www-camil.music.uiuc.edu_16080/classes/404B/CLM/vkey/expandn.ins]
[www-camil.music.uiuc.edu_16080/classes/404B/src/clm-2/grani.ins]
